// Jest Snapshot v1, https://goo.gl/fbAQLP

exports[`renders Testimonial 1`] = `
<div>
  <div
    class="testimonials"
  >
    <div
      class="react-multi-carousel-list  testimonials"
      dir="ltr"
    >
      <ul
        class="react-multi-carousel-track "
        style="transition: none; overflow: unset; transform: translate3d(0px,0,0);"
      />
    </div>
  </div>
</div>
`;
