// Jest Snapshot v1, https://goo.gl/fbAQLP

exports[`renders Header 1`] = `
<div>
  <header
    class="header"
  >
    <button
      class="burgerMenuButton"
    >
      Menu
    </button>
    <h1
      class="className title"
    >
      Craft Beer Cares
    </h1>
    <nav
      class="topNav className"
    >
      <a
        class="navLink"
        href="/"
      >
        Home
      </a>
      <a
        class="navLink"
        href="/about"
      >
        About
      </a>
      <a
        class="navLink"
        href="/join_us"
      >
        Join Us
      </a>
      <a
        class="navLink"
        href="/events"
      >
        Events
      </a>
      <a
        class="navLink"
        href="/shop"
      >
        Shop
      </a>
      <a
        class="navLink"
        href="/contact"
      >
        Contact
      </a>
    </nav>
  </header>
</div>
`;
