// Jest Snapshot v1, https://goo.gl/fbAQLP

exports[`renders Home page 1`] = `
<div>
  <div
    class="container"
  >
    <header
      class="header"
    >
      <button
        class="burgerMenuButton"
      >
        Menu
      </button>
      <h1
        class="className title"
      >
        Craft Beer Cares
      </h1>
      <nav
        class="topNav className"
      >
        <a
          class="navLink"
          href="/"
        >
          Home
        </a>
        <a
          class="navLink"
          href="/about"
        >
          About
        </a>
        <a
          class="navLink"
          href="/join_us"
        >
          Join Us
        </a>
        <a
          class="navLink"
          href="/events"
        >
          Events
        </a>
        <a
          class="navLink"
          href="/shop"
        >
          Shop
        </a>
        <a
          class="navLink"
          href="/contact"
        >
          Contact
        </a>
      </nav>
    </header>
    <main>
      <div
        class="logoContainer"
      >
        <img
          alt="Craft Beer Cares Logo"
          data-nimg="fill"
          decoding="async"
          loading="lazy"
          src="/assets/logo.svg"
          style="position: absolute; height: 100%; width: 100%; left: 0px; top: 0px; right: 0px; bottom: 0px; color: transparent;"
        />
      </div>
      <h1
        class="className title"
      >
        Craft Beer Cares is a collective of beer lovers who want to do good things.
      </h1>
      <article
        class="article"
      >
        <p>
          We take part in events run by amazing people with a passion for fundraising, and have organised events combining charitable aims with the enjoyment of beer made by some of the most talented breweries in the UK and beyond.
        </p>
        <br />
        <p>
          Our events have raised funds for charities such as Art Against Knives, Hackney Winter Night Shelter, Mind, The Newman Holiday Trust and more!
        </p>
      </article>
      <div
        class="linkContainer"
      >
        <a
          class="className navLink"
          href="/events"
        >
          Check out The Events Weâ€™ve Done For charity
        </a>
      </div>
      <article
        class="article"
      >
        <p>
          Not only do we put on events, but we also shout about events that great pubs, bars, breweries, and other oganisations are doing to benefit good causes.
        </p>
        <br />
        <p>
          Find out more about the events we organise and other good things happening by signing up to our newsletter, or by following us on Twitter, Facebook, or Instagram.
        </p>
      </article>
    </main>
    <footer
      class="footer"
    >
      <div>
        Craft Beer Cares
      </div>
      <nav />
      <div>
        <img
          alt="Facebook"
          data-nimg="1"
          decoding="async"
          height="30"
          loading="lazy"
          src="/assets/facebook.svg"
          style="color: transparent;"
          width="30"
        />
        <img
          alt="Instagram"
          data-nimg="1"
          decoding="async"
          height="30"
          loading="lazy"
          src="/assets/instagram.svg"
          style="color: transparent;"
          width="30"
        />
        <img
          alt="Twitter"
          data-nimg="1"
          decoding="async"
          height="30"
          loading="lazy"
          src="/assets/twitter.svg"
          style="color: transparent;"
          width="30"
        />
      </div>
      <div>
        Craft Beer Cares - Drinking beer for good Stuff since 2017
      </div>
    </footer>
  </div>
</div>
`;
